{"digits": [2, 3, 4, 5, 6, 7, 8, 9, 10], "accuracy": [1.0, 1.0, 0.98, 0.96, 0.99, 0.78, 0.77, 0.67, 0.39]}